OWNER=00
CLASS=0001
RRTTL=00000001
RTYPE=000F
RDATA=000000
------
OWNER=00
CLASS=0001
RRTTL=00000001
RTYPE=000F
RDATA=FFFF00
------
OWNER=00
CLASS=0001
RRTTL=00000001
RTYPE=000F
RDATA=0001046D61696C00
------
OWNER=00
CLASS=0001
RRTTL=00000001
RTYPE=000F
RDATA=0001046D61696C03746C6400
------
OWNER=00
CLASS=0001
RRTTL=00000001
RTYPE=000F
RDATA=000100
------
OWNER=00
CLASS=0001
RRTTL=00000001
RTYPE=000F
RDATA=000100
------
OWNER=00
CLASS=0001
RRTTL=00000001
RTYPE=000F
RDATA=000100
------
OWNER=00
CLASS=0001
RRTTL=00000001
RTYPE=000F
RDATA=000100
------
WARNG=ZSCANNER_EBAD_NUMBER
------
WARNG=ZSCANNER_EBAD_NUMBER
------
WARNG=ZSCANNER_EBAD_HEX_CHAR
------
WARNG=ZSCANNER_EBAD_NUMBER
------
WARNG=ZSCANNER_ENUMBER16_OVERFLOW
------
WARNG=ZSCANNER_EBAD_RDATA
------
WARNG=ZSCANNER_EBAD_REST
------
