OWNER=00
CLASS=0001
RRTTL=00000001
RTYPE=0015
RDATA=0001046D61696C00
------
OWNER=00
CLASS=0001
RRTTL=00000001
RTYPE=0015
RDATA=000100
------
OWNER=00
CLASS=0001
RRTTL=00000001
RTYPE=0015
RDATA=000100
------
OWNER=00
CLASS=0001
RRTTL=00000001
RTYPE=0015
RDATA=000100
------
OWNER=00
CLASS=0001
RRTTL=00000001
RTYPE=0015
RDATA=000100
------
WARNG=ZSCANNER_EBAD_NUMBER
------
