OWNER=00
CLASS=0001
RRTTL=00000001
RTYPE=000E
RDATA=0000
------
OWNER=00
CLASS=0001
RRTTL=00000001
RTYPE=000E
RDATA=0000
------
OWNER=00
CLASS=0001
RRTTL=00000001
RTYPE=000E
RDATA=046D61696C00046D61696C03746C6400
------
OWNER=00
CLASS=0001
RRTTL=00000001
RTYPE=000E
RDATA=0000
------
OWNER=00
CLASS=0001
RRTTL=00000001
RTYPE=000E
RDATA=0000
------
OWNER=00
CLASS=0001
RRTTL=00000001
RTYPE=000E
RDATA=0000
------
OWNER=00
CLASS=0001
RRTTL=00000001
RTYPE=000E
RDATA=0000
------
WARNG=ZSCANNER_EBAD_RDATA
------
WARNG=ZSCANNER_EBAD_RDATA
------
WARNG=ZSCANNER_EBAD_HEX_CHAR
------
