OWNER=00
CLASS=0001
RRTTL=00000001
RTYPE=0006
RDATA=00000000000000000000000000000000000000000000
------
OWNER=00
CLASS=0001
RRTTL=00000001
RTYPE=0006
RDATA=03746C640003746C64000000000000000000000000000000000000000000
------
OWNER=00
CLASS=0001
RRTTL=00000001
RTYPE=0006
RDATA=0000FFFFFFFF00000000000000000000000000000000
------
OWNER=00
CLASS=0001
RRTTL=00000001
RTYPE=0006
RDATA=000000000000FFFFFFFFFFFFFFFFFFFFFFFFFFFFFFFF
------
OWNER=00
CLASS=0001
RRTTL=00000001
RTYPE=0006
RDATA=0000000000000001518000000E100000003C00000001
------
OWNER=00
CLASS=0001
RRTTL=00000001
RTYPE=0006
RDATA=00000000000000000000000000000000000000000000
------
OWNER=00
CLASS=0001
RRTTL=00000001
RTYPE=0006
RDATA=00000000000000000000000000000000000000000000
------
OWNER=00
CLASS=0001
RRTTL=00000001
RTYPE=0006
RDATA=026E7303746C64000C66697273742E7365636F6E6403746C640077A23B46000C08A500001C20000000B400000004
------
OWNER=00
CLASS=0001
RRTTL=00000001
RTYPE=0006
RDATA=00000000000000000000000000000000000000000000
------
WARNG=ZSCANNER_EBAD_RDATA
------
WARNG=ZSCANNER_EBAD_RDATA
------
WARNG=ZSCANNER_EBAD_HEX_CHAR
------
WARNG=ZSCANNER_EBAD_NUMBER
------
WARNG=ZSCANNER_ENUMBER32_OVERFLOW
------
WARNG=ZSCANNER_ENUMBER32_OVERFLOW
------
WARNG=ZSCANNER_ENUMBER32_OVERFLOW
------
WARNG=ZSCANNER_ENUMBER32_OVERFLOW
------
WARNG=ZSCANNER_ENUMBER32_OVERFLOW
------
WARNG=ZSCANNER_EBAD_REST
------
