OWNER=00
CLASS=0001
RRTTL=00000001
RTYPE=0021
RDATA=00000000000000
------
OWNER=055F6C646170045F746370047465737403746C6400
CLASS=0001
RRTTL=00000001
RTYPE=0021
RDATA=00000000000000
------
OWNER=00
CLASS=0001
RRTTL=00000001
RTYPE=0021
RDATA=FFFFFFFFFFFF00
------
OWNER=00
CLASS=0001
RRTTL=00000001
RTYPE=0021
RDATA=000000000000082030205C222E402A03746C6400
------
OWNER=00
CLASS=0001
RRTTL=00000001
RTYPE=0021
RDATA=00000000000000
------
OWNER=00
CLASS=0001
RRTTL=00000001
RTYPE=0021
RDATA=00000000000000
------
OWNER=00
CLASS=0001
RRTTL=00000001
RTYPE=0021
RDATA=00000000000000
------
WARNG=ZSCANNER_EBAD_NUMBER
------
WARNG=ZSCANNER_EBAD_NUMBER
------
WARNG=ZSCANNER_EBAD_HEX_CHAR
------
WARNG=ZSCANNER_EBAD_NUMBER
------
WARNG=ZSCANNER_EBAD_NUMBER
------
WARNG=ZSCANNER_EBAD_NUMBER
------
WARNG=ZSCANNER_EBAD_RDATA
------
WARNG=ZSCANNER_ENUMBER16_OVERFLOW
------
WARNG=ZSCANNER_ENUMBER16_OVERFLOW
------
WARNG=ZSCANNER_ENUMBER16_OVERFLOW
------
WARNG=ZSCANNER_EBAD_REST
------
WARNG=ZSCANNER_EBAD_RDATA
------
