OWNER=00
CLASS=0001
RRTTL=00000001
RTYPE=002E
RDATA=0000000000000000000000000000000000000000
------
OWNER=00
CLASS=0001
RRTTL=00000001
RTYPE=002E
RDATA=00010203000000040000000500000006000701080009
------
OWNER=00
CLASS=0001
RRTTL=00000001
RTYPE=002E
RDATA=FFFFFFFFFFFFFFFFFFFFFFFFFFFFFFFFFFFF0000
------
OWNER=00
CLASS=0001
RRTTL=00000001
RTYPE=002E
RDATA=0000010000000000000000000000000000000000
------
OWNER=00
CLASS=0001
RRTTL=00000001
RTYPE=002E
RDATA=0001000000000000000000000000000000000000
------
OWNER=00
CLASS=0001
RRTTL=00000001
RTYPE=002E
RDATA=000100000000000000000000FFCEDD7F00000000
------
OWNER=00
CLASS=0001
RRTTL=00000001
RTYPE=002E
RDATA=000000000000000000000000000000000000082030205C222E402A03746C640000
------
OWNER=00
CLASS=0001
RRTTL=00000001
RTYPE=002E
RDATA=00010000000000000000000000000000000000666F
------
OWNER=00
CLASS=0001
RRTTL=00000001
RTYPE=002E
RDATA=00010000000000000000000000000000000000666F6F
------
OWNER=00
CLASS=0001
RRTTL=00000001
RTYPE=002E
RDATA=00010000000000000000000000000000000000666F6F62
------
OWNER=00
CLASS=0001
RRTTL=00000001
RTYPE=002E
RDATA=00010000000000000000000000000000000000666F6F6261
------
OWNER=00
CLASS=0001
RRTTL=00000001
RTYPE=002E
RDATA=0001000000000000000000000000000000000000
------
OWNER=00
CLASS=0001
RRTTL=00000001
RTYPE=002E
RDATA=0001000000000000000000000000000000000000
------
OWNER=00
CLASS=0001
RRTTL=00000001
RTYPE=002E
RDATA=0001000000000000000000000000000000000000
------
WARNG=ZSCANNER_EUNSUPPORTED_TYPE
------
WARNG=ZSCANNER_EUNSUPPORTED_TYPE
------
WARNG=ZSCANNER_EBAD_HEX_CHAR
------
WARNG=ZSCANNER_EUNSUPPORTED_TYPE
------
WARNG=ZSCANNER_ENUMBER16_OVERFLOW
------
WARNG=ZSCANNER_ENUMBER8_OVERFLOW
------
WARNG=ZSCANNER_ENUMBER8_OVERFLOW
------
WARNG=ZSCANNER_ENUMBER32_OVERFLOW
------
WARNG=ZSCANNER_ENUMBER32_OVERFLOW
------
WARNG=ZSCANNER_ENUMBER32_OVERFLOW
------
WARNG=ZSCANNER_ENUMBER16_OVERFLOW
------
WARNG=ZSCANNER_EBAD_DATE
------
WARNG=ZSCANNER_EBAD_TIMESTAMP_CHAR
------
WARNG=ZSCANNER_EBAD_TIMESTAMP_LENGTH
------
WARNG=ZSCANNER_EBAD_DNAME_CHAR
------
WARNG=ZSCANNER_EBAD_BASE64_CHAR
------
WARNG=ZSCANNER_EBAD_BASE64_CHAR
------
WARNG=ZSCANNER_EBAD_BASE64_CHAR
------
WARNG=ZSCANNER_EBAD_BASE64_CHAR
------
WARNG=ZSCANNER_EBAD_BASE64_CHAR
------
WARNG=ZSCANNER_EBAD_RDATA
------
WARNG=ZSCANNER_EBAD_RDATA
------
WARNG=ZSCANNER_EBAD_RDATA
------
WARNG=ZSCANNER_EBAD_RDATA
------
WARNG=ZSCANNER_EBAD_RDATA
------
